<html>
<body>
<pre>
<h1>µVision Build Log</h1>
<h2>Tool Versions:</h2>
IDE-Version: ¦ÌVision V5.14.1
Copyright (C) 2015 ARM Ltd and ARM Germany GmbH. All rights reserved.
License Information: Cortex-M4, 11, LIC=QF82M-XCH2C-HLXCL-0A3TZ-JVCYX-3X1UR
 
Tool Versions:
Toolchain:       MDK-ARM Plus  Version: 5.36.0.0
Toolchain Path:  D:\Keil MDK\ARM\ARMCC\Bin
C Compiler:      Armcc.exe V5.06 update 7 (build 960)
Assembler:       Armasm.exe V5.06 update 7 (build 960)
Linker/Locator:  ArmLink.exe V5.06 update 7 (build 960)
Library Manager: ArmAr.exe V5.06 update 7 (build 960)
Hex Converter:   FromElf.exe V5.06 update 7 (build 960)
CPU DLL:         SARMCM3.DLL V5.36.0.0
Dialog DLL:      DCM.DLL V1.17.3.0
Target DLL:      STLink\ST-LINKIII-KEIL_SWO.dll V3.0.9.0
Dialog DLL:      TCM.DLL V1.53.0.0
 
<h2>Project:</h2>
D:\stm32Cube\stm32F4\Project\MDK-ARM\Project.uvprojx
Project File Date:  09/12/2024

<h2>Output:</h2>
*** Using Compiler 'V5.06 update 7 (build 960)', folder: 'D:\Keil MDK\ARM\ARMCC\Bin'
Build target 'Project'
compiling main.c...
..\BSP_Driver\Inc\LED.h(45): warning:  #1-D: last line of file ends without a newline
  #endif
..\BSP_Driver\Inc\KEY.h(30): warning:  #1-D: last line of file ends without a newline
  #endif
../Core/Src/main.c: 2 warnings, 0 errors
compiling KEY.c...
..\BSP_Driver\Inc\KEY.h(30): warning:  #1-D: last line of file ends without a newline
  #endif
..\BSP_Driver\Inc\LED.h(45): warning:  #1-D: last line of file ends without a newline
  #endif
..\BSP_Driver\Src\KEY.c: 2 warnings, 0 errors
compiling 8080.c...
..\BSP_Driver\Inc\8080.h(37): warning:  #1-D: last line of file ends without a newline
  #endif
..\BSP_Driver\Src\8080.c(24): warning:  #1-D: last line of file ends without a newline
   
..\BSP_Driver\Src\8080.c: 2 warnings, 0 errors
compiling I2C.c...
..\BSP_Driver\Inc\I2C.h(38): warning:  #1-D: last line of file ends without a newline
  #endif
..\BSP_Driver\Src\I2C.c(164): warning:  #1-D: last line of file ends without a newline
  }
..\BSP_Driver\Src\I2C.c: 2 warnings, 0 errors
compiling AT24C02.c...
..\BSP_Driver\Inc\I2C.h(38): warning:  #1-D: last line of file ends without a newline
  #endif
..\BSP_Driver\Src\AT24C02.c: 1 warning, 0 errors
linking...
Program Size: Code=3132 RO-data=440 RW-data=16 ZI-data=1024  
FromELF: creating hex file...
"Project\Project.axf" - 0 Error(s), 9 Warning(s).

<h2>Software Packages used:</h2>

Package Vendor: ARM
                http://www.keil.com/pack/ARM.CMSIS.5.8.0.pack
                ARM::CMSIS:CORE:5.5.0
                CMSIS (Common Microcontroller Software Interface Standard)
   * Component: CORE Version: 5.5.0

<h2>Collection of Component include folders:</h2>
  D:\stm32Cube\stm32F4\Project\MDK-ARM\RTE
  D:\Keil MDK\ARM\CMSIS\5.8.0\CMSIS\Core\Include

<h2>Collection of Component Files used:</h2>

   * Component: ARM::CMSIS:CORE:5.5.0
      Source file:   CMSIS\Core\Template\ARMv8-M\tz_context.c
      Include file:  CMSIS\Core\Include\tz_context.h
      Source file:   CMSIS\Core\Template\ARMv8-M\main_s.c
</pre>
</body>
</html>
