<html>
<body>
<pre>
<h1>µVision Build Log</h1>
<h2>Tool Versions:</h2>
IDE-Version: ¦ÌVision V5.14.1
Copyright (C) 2015 ARM Ltd and ARM Germany GmbH. All rights reserved.
License Information: Cortex-M4, 11, LIC=QF82M-XCH2C-HLXCL-0A3TZ-JVCYX-3X1UR
 
Tool Versions:
Toolchain:       MDK-ARM Plus  Version: 5.36.0.0
Toolchain Path:  D:\Keil MDK\ARM\ARMCC\Bin
C Compiler:      Armcc.exe V5.06 update 7 (build 960)
Assembler:       Armasm.exe V5.06 update 7 (build 960)
Linker/Locator:  ArmLink.exe V5.06 update 7 (build 960)
Library Manager: ArmAr.exe V5.06 update 7 (build 960)
Hex Converter:   FromElf.exe V5.06 update 7 (build 960)
CPU DLL:         SARMCM3.DLL V5.36.0.0
Dialog DLL:      DCM.DLL V1.17.3.0
Target DLL:      STLink\ST-LINKIII-KEIL_SWO.dll V3.0.9.0
Dialog DLL:      TCM.DLL V1.53.0.0
 
<h2>Project:</h2>
D:\stm32Cube\stm32F4\LCD\MDK-ARM\Project.uvprojx
Project File Date:  09/18/2024

<h2>Output:</h2>
*** Using Compiler 'V5.06 update 7 (build 960)', folder: 'D:\Keil MDK\ARM\ARMCC\Bin'
Build target 'Project'
compiling FMC_LCD.c...
..\BSP_Driver\Inc\FMC_LCD.h(64): warning:  #1-D: last line of file ends without a newline
  #endif
..\BSP_Driver\Inc\Delay.h(8): warning:  #1295-D: Deprecated declaration delay_init - give arg types
  void delay_init();
..\BSP_Driver\Inc\Delay.h(12): warning:  #1-D: last line of file ends without a newline
  #endif
..\BSP_Driver\Src\FMC_LCD.c: 3 warnings, 0 errors
linking...
Program Size: Code=4316 RO-data=440 RW-data=20 ZI-data=1124  
FromELF: creating hex file...
"Project\Project.axf" - 0 Error(s), 3 Warning(s).

<h2>Software Packages used:</h2>

Package Vendor: ARM
                http://www.keil.com/pack/ARM.CMSIS.5.8.0.pack
                ARM::CMSIS:CORE:5.5.0
                CMSIS (Common Microcontroller Software Interface Standard)
   * Component: CORE Version: 5.5.0

<h2>Collection of Component include folders:</h2>
  D:\stm32Cube\stm32F4\LCD\MDK-ARM\RTE
  D:\Keil MDK\ARM\CMSIS\5.8.0\CMSIS\Core\Include

<h2>Collection of Component Files used:</h2>

   * Component: ARM::CMSIS:CORE:5.5.0
      Include file:  CMSIS\Core\Include\tz_context.h
      Source file:   CMSIS\Core\Template\ARMv8-M\tz_context.c
      Source file:   CMSIS\Core\Template\ARMv8-M\main_s.c
</pre>
</body>
</html>
